// Jest Snapshot v1, https://goo.gl/fbAQLP

exports[`getData should return an array of data 1`] = `
[
  "1",
  "2",
]
`;
