// Vitest Snapshot v1, https://vitest.dev/guide/snapshot.html

exports[`getData  > reques user 1`] = `
[
  "1",
  "2",
]
`;
