// Vitest Snapshot v1, https://vitest.dev/guide/snapshot.html

exports[`App compoenent > Test app component 1`] = `
<input
  placeholder="placeholder"
  type="text"
/>
`;
